[Fri May  8 08:10:01 AM CST 2026] 解析 20260508 数据...
Done: /home/ubuntu/daily-awesome-archive/data/20260508.md
Project count: 30
[Fri May  8 08:10:01 AM CST 2026] 解析完成
[Fri May  8 08:10:01 AM CST 2026] 更新 README...
[Fri May  8 08:10:01 AM CST 2026] 提交到 Git...
[main f746b7b] 📅 daily update: 20260508
 10 files changed, 856 insertions(+)
 create mode 100644 __pycache__/generate_promo.cpython-310.pyc
 create mode 100644 cover.png
 create mode 100644 cover_1920.png
 create mode 100644 data/20260508.md
 create mode 100644 gen_video.py
 create mode 100644 generate_promo.py
 create mode 100644 generate_promo_v2.py
 create mode 100644 promo_video.mp4
 create mode 100644 promotion-copy.md
 create mode 100644 sync.log
[Fri May  8 08:10:01 AM CST 2026] 推送到 GitHub...
fatal: unable to access 'https://github.com/xiekun711/daily-awesome-archive.git/': GnuTLS recv error (-110): The TLS connection was non-properly terminated.
[Fri May  8 08:11:32 AM CST 2026] 推送失败，可能还没配置远程仓库或网络问题
[Sat May  9 08:10:01 AM CST 2026] 解析 20260509 数据...
Done: /home/ubuntu/daily-awesome-archive/data/20260509.md
Project count: 31
[Sat May  9 08:10:01 AM CST 2026] 解析完成
[Sat May  9 08:10:01 AM CST 2026] 更新 README...
[Sat May  9 08:10:01 AM CST 2026] 提交到 Git...
